// Jest Snapshot v1, https://goo.gl/fbAQLP

exports[`WorkItem renders work item 1`] = `
<DocumentFragment>
  <div
    id="container"
  >
    <div
      id="wrapper"
    >
      <img
        alt="project"
        src="me.png"
      />
      <div
        class="content"
      >
        <h2
          class="content__title"
        >
          Hello!
        </h2>
        <div
          class="content__header"
        >
          <span
            class="content__header__year"
          >
            2021
          </span>
          <span
            class="content__header__project"
          >
            Dashboard
          </span>
        </div>
        <p
          class="content__description"
        >
          Amet minim mollit non deserunt ullamco est sit aliqua dolor do amet sint. Velit officia consequat duis enim velit mollit. Exercitation veniam consequat sunt nostrud amet.
        </p>
      </div>
    </div>
    <hr
      class="separator"
    />
  </div>
</DocumentFragment>
`;
